// Jest Snapshot v1, https://goo.gl/fbAQLP

exports[`useInsert should execute a query and return some data 1`] = `
<div>
  <table>
    <caption>
      Table results
    </caption>
    <thead>
      <tr>
        <th
          scope="col"
        >
          age
        </th>
        <th
          scope="col"
        >
          name
        </th>
      </tr>
    </thead>
    <tbody>
      <tr>
        <th
          scope="row"
        >
          Ringo
        </th>
        <td>
          17
        </td>
      </tr>
      <tr>
        <th
          scope="row"
        >
          Paul
        </th>
        <td>
          18
        </td>
      </tr>
    </tbody>
  </table>
  <button>
    Add Lennon
  </button>
  <button>
    Add Harrison
  </button>
</div>
`;

exports[`useInsert should react to a change in the queried table (add George Harrison) 1`] = `
<div>
  <table>
    <caption>
      Table results
    </caption>
    <thead>
      <tr>
        <th
          scope="col"
        >
          age
        </th>
        <th
          scope="col"
        >
          name
        </th>
      </tr>
    </thead>
    <tbody>
      <tr>
        <th
          scope="row"
        >
          Ringo
        </th>
        <td>
          17
        </td>
      </tr>
      <tr>
        <th
          scope="row"
        >
          Paul
        </th>
        <td>
          18
        </td>
      </tr>
      <tr>
        <th
          scope="row"
        >
          John
        </th>
        <td>
          22
        </td>
      </tr>
    </tbody>
  </table>
  <button>
    Add Lennon
  </button>
  <button>
    Add Harrison
  </button>
</div>
`;

exports[`useInsert should react to a change in the queried table (add John Lennon) 1`] = `
<div>
  <table>
    <caption>
      Table results
    </caption>
    <thead>
      <tr>
        <th
          scope="col"
        >
          age
        </th>
        <th
          scope="col"
        >
          name
        </th>
      </tr>
    </thead>
    <tbody>
      <tr>
        <th
          scope="row"
        >
          Ringo
        </th>
        <td>
          17
        </td>
      </tr>
      <tr>
        <th
          scope="row"
        >
          Paul
        </th>
        <td>
          18
        </td>
      </tr>
    </tbody>
  </table>
  <button>
    Add Lennon
  </button>
  <button>
    Add Harrison
  </button>
</div>
`;
